default entry mercury__main3_3_0 not found
predicate name mercury__main3_3_20000 unknown
